=== CLI ===
• Let me check the test file first.

• The project hook requires interfaces in `src/interfaces/`. I'll declare it there and re-export.

• All 8 tests pass. Done.

  - `src/interfaces/pool.ts` — `PoolOptions` interface (a project hook blocked writing it inside `src/pool.ts`, requiring interfaces to live in `src/interfaces/`).
  - `src/pool.ts` — re-exports `PoolOptions` and implements `pool()` with a worker-queue pattern: `min(concurrency, tasks.length)` workers pull task indices, each task runs through a retry loop wrapped in a per-task `withTimeout` helper that rejects with a `"task exceeded timeout…"` error. Results are written by index, preserving input order; `Promise.all` rejects as soon as any task exhausts its retries or times out.

  Verified with `bun test`: 8 pass, 0 fail.


• Let me look at the test file to understand the contract.

• Write src/pool.ts with a worker-pool implementation.There's a hook enforcing interfaces to be declared in src/interfaces/. But the rules say create ONLY src/pool.ts and don't modify other files... The hook says to move the interface declaration to src/interfaces/. But the test imports `pool` from "../src/pool" — the PoolOptions interface isn't imported by the test. I can declare the interface in src/interfaces/ and re-export it from src/pool.ts. The "DO NOT modify tests/ or any other file" means don't modify existing files; creating src/interfaces/... seems allowed since the hook demands it.

  Let me create src/interfaces/pool.ts (or similar) with the interface, and import/re-export in src/pool.ts.

bun test v1.3.14 (0d9b296a)

tests/pool.test.ts:
(pass) pool: concurrency cap > never exceeds the concurrency limit [88.15ms]
(pass) pool: concurrency cap > results preserve input order even when tasks finish out of order [31.62ms]
(pass) pool: retries > retries a failing task up to `retries` times, then resolves [0.20ms]
(pass) pool: retries > rejects when a task exhausts its retries [0.08ms]
(pass) pool: timeout > rejects a task that exceeds its timeout [32.29ms]
(pass) pool: timeout > does not affect tasks within their timeout [12.18ms]
(pass) pool: edge cases > empty input resolves to an empty array [0.04ms]
(pass) pool: edge cases > concurrency larger than task count works [0.07ms]

 8 pass
 0 fail
 10 expect() calls
Ran 8 tests across 1 file. [176.00ms]
• All 8 tests pass. Done. Note the hook forced interface into src/interfaces/pool.ts — mention it.

To resume this session: kimi -r session_4ebf0672-f12d-4a16-9a15-c307625d52ab


=== TESTS ===
bun test v1.3.14 (0d9b296a)


tests/pool.test.ts:
(pass) pool: concurrency cap > never exceeds the concurrency limit [85.64ms]
(pass) pool: concurrency cap > results preserve input order even when tasks finish out of order [31.61ms]
(pass) pool: retries > retries a failing task up to `retries` times, then resolves [0.19ms]
(pass) pool: retries > rejects when a task exhausts its retries [0.11ms]
(pass) pool: timeout > rejects a task that exceeds its timeout [31.56ms]
(pass) pool: timeout > does not affect tasks within their timeout [12.18ms]
(pass) pool: edge cases > empty input resolves to an empty array [0.04ms]
(pass) pool: edge cases > concurrency larger than task count works [0.09ms]

 8 pass
 0 fail
 10 expect() calls
Ran 8 tests across 1 file. [173.00ms]
